<?xml version='1.0' encoding='UTF-8'?>
<dataset>
  <localDateTimeAsString ID="0" LOCALDATETIME="2004-056T12:11:10.000" NAME="test_0"/>
  <localDateTimeAsString ID="1" LOCALDATETIME="1980-071T13:12:11.000" NAME="test_1"/>
</dataset>
