<?xml version='1.0' encoding='UTF-8'?>
<dataset>
  <bigMoneyMajorAmountAndCurrencyAsInteger ID="0" MY_CURRENCY="840" MY_AMOUNT="100" NAME="test_0"/>
  <bigMoneyMajorAmountAndCurrencyAsInteger ID="1" MY_CURRENCY="840" MY_AMOUNT="100" NAME="test_1"/>
  <bigMoneyMajorAmountAndCurrencyAsInteger ID="2" MY_CURRENCY="978" MY_AMOUNT="0" NAME="test_2"/>
  <bigMoneyMajorAmountAndCurrencyAsInteger ID="3" MY_CURRENCY="978" MY_AMOUNT="0" NAME="test_3"/>
  <bigMoneyMajorAmountAndCurrencyAsInteger ID="4" NAME="test_4"/>
</dataset>
