<?xml version='1.0' encoding='UTF-8'?>
<dataset>
  <interval ID="0" MY_START="1970-01-01 04:00:00.0" MY_END="1970-01-12 21:46:40.0" NAME="test_0"/>
  <interval ID="1" MY_START="1970-01-12 13:46:40.0" MY_END="1970-01-24 03:33:20.0" NAME="test_1"/>
  <interval ID="2" NAME="test_2"/>
</dataset>
