<?xml version='1.0' encoding='UTF-8'?>
<dataset>
  <moneyMajorAmountAndCurrencyAsInteger ID="0" MY_CURRENCY="840" MY_AMOUNT="100" NAME="test_0"/>
  <moneyMajorAmountAndCurrencyAsInteger ID="1" MY_CURRENCY="840" MY_AMOUNT="100" NAME="test_1"/>
  <moneyMajorAmountAndCurrencyAsInteger ID="2" MY_CURRENCY="978" MY_AMOUNT="0" NAME="test_2"/>
  <moneyMajorAmountAndCurrencyAsInteger ID="3" MY_CURRENCY="978" MY_AMOUNT="0" NAME="test_3"/>
</dataset>
